---
source: crates/embucket-functions/src/tests/aggregate/listagg.rs
description: "\"SELECT LISTAGG(val, ', ') FROM (SELECT * FROM (VALUES ('a')) AS t(val) WHERE val = 'nonexistent')\""
---
Ok(
    [
        "+---------------------------+",
        "| listagg(t.val,Utf8(\", \")) |",
        "+---------------------------+",
        "|                           |",
        "+---------------------------+",
    ],
)
