---
source: crates/embucket-functions/src/tests/aggregate/listagg.rs
description: "\"SELECT LISTAGG(DISTINCT name, ' | ') WITHIN GROUP (ORDER BY name) \n     FROM (VALUES ('banana'), ('apple'), ('cherry'), ('apple'), ('banana'), ('date')) AS t(name)\""
---
Ok(
    [
        "+--------------------------------------+",
        "| listagg(DISTINCT t.name,Utf8(\" | \")) |",
        "+--------------------------------------+",
        "| banana | apple | cherry | date       |",
        "+--------------------------------------+",
    ],
)
