---
source: crates/core-executor/src/tests/sql/pivot.rs
description: "\"SELECT *\nFROM (\n  SELECT empid, amount, quarter \n  FROM quarterly_sales \n  WHERE amount > 5000\n)\nPIVOT(SUM(amount) FOR quarter IN ('2023_Q1', '2023_Q4'))\nORDER BY empid;\""
---
Ok(
    [
        "+-------+---------+---------+",
        "| empid | 2023_Q1 | 2023_Q4 |",
        "+-------+---------+---------+",
        "| 1     | 10000   | 18000   |",
        "| 2     | 35000   |         |",
        "| 3     |         | 26200   |",
        "+-------+---------+---------+",
    ],
)
