---
source: crates/core-executor/src/tests/sql/pivot.rs
description: "\"SELECT 'Average sale amount' AS aggregate, *\n FROM quarterly_sales\n   PIVOT(AVG(amount) FOR quarter IN (ANY ORDER BY quarter)) ORDER by empid;\""
---
Ok(
    [
        "+---------------------+-------+---------+---------+---------+-------------------+",
        "| aggregate           | empid | 2023_Q1 | 2023_Q2 | 2023_Q3 | 2023_Q4           |",
        "+---------------------+-------+---------+---------+---------+-------------------+",
        "| Average sale amount | 1     | 5200.0  | 4000.0  | 5500.0  | 9000.0            |",
        "| Average sale amount | 2     | 19750.0 | 45350.0 | 6000.0  | 2650.0            |",
        "| Average sale amount | 3     |         |         | 2700.0  | 9633.333333333334 |",
        "+---------------------+-------+---------+---------+---------+-------------------+",
    ],
)
