---
source: crates/core-executor/src/tests/sql/pivot.rs
description: "\"CREATE TABLE product_sales(\n  product_id INT,\n  category TEXT,\n  sale_amount INT,\n  sale_date DATE)\n  AS SELECT * FROM VALUES\n    (101, 'Electronics', 1200, '2023-01-10'),\n    (102, 'Clothing', 500, '2023-01-15'),\n    (103, 'Home', 800, '2023-01-20'),\n    (104, 'Electronics', 1500, '2023-02-05'),\n    (105, 'Clothing', 600, '2023-02-12'),\n    (106, 'Home', 900, '2023-02-25'),\n    (107, 'Electronics', 2000, '2023-03-08'),\n    (108, 'Clothing', 700, '2023-03-15'),\n    (109, 'Home', 1100, '2023-03-22'),\n    (110, 'Electronics', 1800, '2023-04-05'),\n    (111, 'Clothing', 550, '2023-04-14'),\n    (112, 'Home', 950, '2023-04-28');\""
---
Ok(
    [
        "+-------+",
        "| count |",
        "+-------+",
        "| 12    |",
        "+-------+",
    ],
)
