---
source: crates/core-executor/src/tests/sql/pivot.rs
description: "\"SELECT *\nFROM (\n  SELECT \n    empid,\n    amount,\n    CASE\n      WHEN quarter IN ('2023_Q1', '2023_Q2') THEN 'H1'\n      WHEN quarter IN ('2023_Q3', '2023_Q4') THEN 'H2'\n    END AS half_year\n  FROM quarterly_sales\n)\nPIVOT(SUM(amount) FOR half_year IN ('H1', 'H2'))\nORDER BY empid;\""
---
Ok(
    [
        "+-------+--------+-------+",
        "| empid | H1     | H2    |",
        "+-------+--------+-------+",
        "| 1     | 18400  | 29000 |",
        "| 2     | 130200 | 17300 |",
        "| 3     |        | 31600 |",
        "+-------+--------+-------+",
    ],
)
