---
source: crates/core-executor/src/tests/sql/pivot.rs
description: "\"SELECT *\nFROM quarterly_sales\nPIVOT(SUM(amount) FOR quarter IN (ANY ORDER BY quarter DESC))\nORDER BY empid;\""
---
Ok(
    [
        "+-------+---------+---------+---------+---------+",
        "| empid | 2023_Q4 | 2023_Q3 | 2023_Q2 | 2023_Q1 |",
        "+-------+---------+---------+---------+---------+",
        "| 1     | 18000   | 11000   | 8000    | 10400   |",
        "| 2     | 5300    | 12000   | 90700   | 39500   |",
        "| 3     | 28900   | 2700    |         |         |",
        "+-------+---------+---------+---------+---------+",
    ],
)
