---
source: crates/core-executor/src/tests/sql/pivot.rs
description: "\"SELECT *\nFROM quarterly_sales\nPIVOT(SUM(amount) \n  FOR quarter IN (\n    SELECT DISTINCT quarter FROM quarterly_sales WHERE quarter LIKE '%Q1' OR quarter LIKE '%Q3'\n  ))\nORDER BY empid;\""
---
Ok(
    [
        "+-------+---------+---------+",
        "| empid | 2023_Q1 | 2023_Q3 |",
        "+-------+---------+---------+",
        "| 1     | 10400   | 11000   |",
        "| 2     | 39500   | 12000   |",
        "| 3     |         | 2700    |",
        "+-------+---------+---------+",
    ],
)
