---
source: crates/embucket-functions/src/tests/sql/commands/pivot.rs
description: "\"SELECT 'Average sale amount' AS aggregate, *\n FROM quarterly_sales\n   PIVOT(AVG(amount) FOR quarter IN (ANY ORDER BY quarter)) ORDER by empid;\""
info: "Setup queries: CREATE OR REPLACE TABLE quarterly_sales(\n  empid INT,\n  amount INT,\n  quarter TEXT)\n  AS SELECT * FROM VALUES\n    (1, 10000, '2023_Q1'),\n    (1, 400, '2023_Q1'),\n    (2, 4500, '2023_Q1'),\n    (2, 35000, '2023_Q1'),\n    (1, 5000, '2023_Q2'),\n    (1, 3000, '2023_Q2'),\n    (2, 200, '2023_Q2'),\n    (2, 90500, '2023_Q2'),\n    (1, 6000, '2023_Q3'),\n    (1, 5000, '2023_Q3'),\n    (2, 2500, '2023_Q3'),\n    (2, 9500, '2023_Q3'),\n    (3, 2700, '2023_Q3'),\n    (1, 8000, '2023_Q4'),\n    (1, 10000, '2023_Q4'),\n    (2, 800, '2023_Q4'),\n    (2, 4500, '2023_Q4'),\n    (3, 2700, '2023_Q4'),\n    (3, 16000, '2023_Q4'),\n    (3, 10200, '2023_Q4')"
---
Ok(
    [
        "+---------------------+-------+---------+---------+---------+-------------------+",
        "| aggregate           | empid | 2023_Q1 | 2023_Q2 | 2023_Q3 | 2023_Q4           |",
        "+---------------------+-------+---------+---------+---------+-------------------+",
        "| Average sale amount | 1     | 5200.0  | 4000.0  | 5500.0  | 9000.0            |",
        "| Average sale amount | 2     | 19750.0 | 45350.0 | 6000.0  | 2650.0            |",
        "| Average sale amount | 3     |         |         | 2700.0  | 9633.333333333334 |",
        "+---------------------+-------+---------+---------+---------+-------------------+",
    ],
)
