---
source: crates/core-executor/src/tests/sql/functions/unimplemented.rs
description: "\"SELECT FRESHNESS(la)\""
---
Err(
    "Error: DataFusion error: This feature is not implemented: Function 'freshness' is not implemented yet. Details: https://docs.snowflake.com/en/sql-reference/functions/dmf_freshness",
)
