---
source: crates/core-utils/src/lib.rs
expression: "(get_empty, get_after_put, get_after_delete, list_after_append,\nlist_after_remove)"
---
(
    Ok(
        None,
    ),
    Ok(
        Some(
            TestEntity {
                id: 1,
                name: "test",
            },
        ),
    ),
    Ok(
        None,
    ),
    Ok(
        [
            TestEntity {
                id: 1,
                name: "test",
            },
        ],
    ),
    Ok(
        [],
    ),
)
