---
source: crates/runtime/src/execution/tests/query.rs
expression: "(from1, from2, from3, from4)"
---
(
    [
        TableWithJoins {
            relation: Table {
                name: ObjectName(
                    [
                        Identifier(
                            Ident {
                                value: "table1",
                                quote_style: None,
                                span: Span(Location(1,15)..Location(1,21)),
                            },
                        ),
                    ],
                ),
                alias: None,
                args: None,
                with_hints: [],
                version: None,
                with_ordinality: false,
                partitions: [],
                json_path: None,
                sample: None,
                index_hints: [],
            },
            joins: [],
        },
    ],
    [
        TableWithJoins {
            relation: Table {
                name: ObjectName(
                    [
                        Identifier(
                            Ident {
                                value: "table2",
                                quote_style: None,
                                span: Span(Location(1,15)..Location(1,21)),
                            },
                        ),
                    ],
                ),
                alias: None,
                args: None,
                with_hints: [],
                version: None,
                with_ordinality: false,
                partitions: [],
                json_path: None,
                sample: None,
                index_hints: [],
            },
            joins: [],
        },
    ],
    [
        TableWithJoins {
            relation: Table {
                name: ObjectName(
                    [
                        Identifier(
                            Ident {
                                value: "table3",
                                quote_style: None,
                                span: Span(Location(1,15)..Location(1,21)),
                            },
                        ),
                    ],
                ),
                alias: None,
                args: None,
                with_hints: [],
                version: None,
                with_ordinality: false,
                partitions: [],
                json_path: None,
                sample: None,
                index_hints: [],
            },
            joins: [],
        },
    ],
    [
        TableWithJoins {
            relation: Table {
                name: ObjectName(
                    [
                        Identifier(
                            Ident {
                                value: "table4",
                                quote_style: None,
                                span: Span(Location(1,15)..Location(1,21)),
                            },
                        ),
                    ],
                ),
                alias: None,
                args: None,
                with_hints: [],
                version: None,
                with_ordinality: false,
                partitions: [],
                json_path: None,
                sample: None,
                index_hints: [],
            },
            joins: [
                Join {
                    relation: Table {
                        name: ObjectName(
                            [
                                Identifier(
                                    Ident {
                                        value: "table4_1",
                                        quote_style: None,
                                        span: Span(Location(1,33)..Location(1,41)),
                                    },
                                ),
                            ],
                        ),
                        alias: None,
                        args: None,
                        with_hints: [],
                        version: None,
                        with_ordinality: false,
                        partitions: [],
                        json_path: None,
                        sample: None,
                        index_hints: [],
                    },
                    global: false,
                    join_operator: Inner(
                        On(
                            BinaryOp {
                                left: Value(
                                    ValueWithSpan {
                                        value: Number(
                                            "1",
                                            false,
                                        ),
                                        span: Span(Location(1,45)..Location(1,46)),
                                    },
                                ),
                                op: Eq,
                                right: Value(
                                    ValueWithSpan {
                                        value: Number(
                                            "1",
                                            false,
                                        ),
                                        span: Span(Location(1,47)..Location(1,48)),
                                    },
                                ),
                            },
                        ),
                    ),
                },
            ],
        },
    ],
)
