---
source: crates/core-executor/src/tests/query.rs
description: "\"SHOW SCHEMAS IN embucket\""
snapshot_kind: text
---
Ok(
    [
        "+------------+--------------------+------+---------------+-------------+",
        "| created_on | name               | kind | database_name | schema_name |",
        "+------------+--------------------+------+---------------+-------------+",
        "|            | information_schema |      | embucket      |             |",
        "|            | public             |      | embucket      |             |",
        "+------------+--------------------+------+---------------+-------------+",
    ],
)
