---
source: crates/runtime/src/tests/queries.rs
description: "\"SELECT dateadd(day, 5, '2025-06-01')\""
---
Ok(
    [
        "+--------------------------------------------------+",
        "| dateadd(Utf8(\"day\"),Int64(5),Utf8(\"2025-06-01\")) |",
        "+--------------------------------------------------+",
        "| 2025-06-06T00:00:00                              |",
        "+--------------------------------------------------+",
    ],
)
