---
source: crates/core-executor/src/tests/query.rs
description: "\"SHOW TABLES IN new_schema\""
info: "Setup queries: CREATE SCHEMA embucket.new_schema; SET schema = 'new_schema'; CREATE table new_table (id INT)"
snapshot_kind: text
---
Ok(
    [
        "+------------+-----------+-------+---------------+-------------+",
        "| created_on | name      | kind  | database_name | schema_name |",
        "+------------+-----------+-------+---------------+-------------+",
        "|            | new_table | TABLE | embucket      | new_schema  |",
        "+------------+-----------+-------+---------------+-------------+",
    ],
)
