---
source: crates/runtime/src/tests/queries.rs
description: "\"SELECT * EXCLUDE (department_id, employee_id) FROM employee_table;\""
---
Ok(
    [
        "+------------+------------+",
        "| last_name  | first_name |",
        "+------------+------------+",
        "| Montgomery | Pat        |",
        "| Levine     | Terry      |",
        "| Comstock   | Dana       |",
        "+------------+------------+",
    ],
)
