---
source: crates/runtime/src/tests/queries.rs
description: "\"SELECT * ILIKE '%id%' RENAME department_id AS department FROM employee_table;\""
snapshot_kind: text
---
(
    Ok(
        Statement(
            Query(
                Query {
                    with: None,
                    body: Select(
                        Select {
                            select_token: TokenWithSpan {
                                token: Word(
                                    Word {
                                        value: "SELECT",
                                        quote_style: None,
                                        keyword: SELECT,
                                    },
                                ),
                                span: Span(Location(0,0)..Location(0,0)),
                            },
                            distinct: None,
                            top: None,
                            top_before_distinct: false,
                            projection: [
                                Wildcard(
                                    WildcardAdditionalOptions {
                                        wildcard_token: TokenWithSpan {
                                            token: Mul,
                                            span: Span(Location(0,0)..Location(0,0)),
                                        },
                                        opt_ilike: Some(
                                            IlikeSelectItem {
                                                pattern: "%id%",
                                            },
                                        ),
                                        opt_exclude: None,
                                        opt_except: None,
                                        opt_replace: None,
                                        opt_rename: Some(
                                            Single(
                                                IdentWithAlias {
                                                    ident: Ident {
                                                        value: "department_id",
                                                        quote_style: None,
                                                        span: Span(Location(0,0)..Location(0,0)),
                                                    },
                                                    alias: Ident {
                                                        value: "department",
                                                        quote_style: None,
                                                        span: Span(Location(0,0)..Location(0,0)),
                                                    },
                                                },
                                            ),
                                        ),
                                    },
                                ),
                            ],
                            into: None,
                            from: [
                                TableWithJoins {
                                    relation: Table {
                                        name: ObjectName(
                                            [
                                                Ident {
                                                    value: "employee_table",
                                                    quote_style: None,
                                                    span: Span(Location(0,0)..Location(0,0)),
                                                },
                                            ],
                                        ),
                                        alias: None,
                                        args: None,
                                        with_hints: [],
                                        version: None,
                                        with_ordinality: false,
                                        partitions: [],
                                        json_path: None,
                                    },
                                    joins: [],
                                },
                            ],
                            lateral_views: [],
                            prewhere: None,
                            selection: None,
                            group_by: Expressions(
                                [],
                                [],
                            ),
                            cluster_by: [],
                            distribute_by: [],
                            sort_by: [],
                            having: None,
                            named_window: [],
                            qualify: None,
                            window_before_qualify: false,
                            value_table_mode: None,
                            connect_by: None,
                        },
                    ),
                    order_by: None,
                    limit: None,
                    limit_by: [],
                    offset: None,
                    fetch: None,
                    locks: [],
                    for_clause: None,
                    settings: None,
                    format_clause: None,
                },
            ),
        ),
    ),
    Err(
        NotImplemented(
            "wildcard * with RENAME not supported ",
        ),
    ),
    Err(
        Execution(
            "Failed to create logical plan",
        ),
    ),
)
