---
source: crates/df-catalog/src/tests/information_schema.rs
description: "SELECT * FROM embucket.information_schema.tables "
snapshot_kind: text
---
+---------------+--------------------+-------------+------------+
| table_catalog | table_schema       | table_name  | table_type |
+---------------+--------------------+-------------+------------+
| embucket      | public             | test        | BASE TABLE |
| embucket      | information_schema | tables      | VIEW       |
| embucket      | information_schema | views       | VIEW       |
| embucket      | information_schema | columns     | VIEW       |
| embucket      | information_schema | schemata    | VIEW       |
| embucket      | information_schema | df_settings | VIEW       |
| embucket      | information_schema | routines    | VIEW       |
| embucket      | information_schema | parameters  | VIEW       |
+---------------+--------------------+-------------+------------+
