---
source: crates/df-catalog/src/tests/information_schema.rs
description: SELECT routine_name FROM embucket.information_schema.routines
snapshot_kind: text
---
+------------------------------------+
| routine_name                       |
+------------------------------------+
| abs                                |
| abs                                |
| abs                                |
| abs                                |
| abs                                |
| abs                                |
| abs                                |
| abs                                |
| abs                                |
| abs                                |
| acos                               |
| acos                               |
| acosh                              |
| acosh                              |
| approx_distinct                    |
| approx_median                      |
| approx_median                      |
| approx_median                      |
| approx_median                      |
| approx_median                      |
| approx_median                      |
| approx_median                      |
| approx_median                      |
| approx_median                      |
| approx_median                      |
| approx_percentile_cont             |
| approx_percentile_cont             |
| approx_percentile_cont             |
| approx_percentile_cont             |
| approx_percentile_cont             |
| approx_percentile_cont             |
| approx_percentile_cont             |
| approx_percentile_cont             |
| approx_percentile_cont             |
| approx_percentile_cont             |
| approx_percentile_cont             |
| approx_percentile_cont             |
| approx_percentile_cont             |
| approx_percentile_cont             |
| approx_percentile_cont             |
| approx_percentile_cont             |
| approx_percentile_cont             |
| approx_percentile_cont             |
| approx_percentile_cont             |
| approx_percentile_cont             |
| approx_percentile_cont             |
| approx_percentile_cont             |
| approx_percentile_cont             |
| approx_percentile_cont             |
| approx_percentile_cont             |
| approx_percentile_cont             |
| approx_percentile_cont             |
| approx_percentile_cont             |
| approx_percentile_cont             |
| approx_percentile_cont             |
| approx_percentile_cont             |
| approx_percentile_cont             |
| approx_percentile_cont             |
| approx_percentile_cont             |
| approx_percentile_cont             |
| approx_percentile_cont             |
| approx_percentile_cont             |
| approx_percentile_cont             |
| approx_percentile_cont             |
| approx_percentile_cont             |
| approx_percentile_cont             |
| approx_percentile_cont             |
| approx_percentile_cont             |
| approx_percentile_cont             |
| approx_percentile_cont             |
| approx_percentile_cont             |
| approx_percentile_cont             |
| approx_percentile_cont             |
| approx_percentile_cont             |
| approx_percentile_cont             |
| approx_percentile_cont             |
| approx_percentile_cont             |
| approx_percentile_cont             |
| approx_percentile_cont             |
| approx_percentile_cont             |
| approx_percentile_cont             |
| approx_percentile_cont             |
| approx_percentile_cont             |
| approx_percentile_cont             |
| approx_percentile_cont             |
| approx_percentile_cont             |
| approx_percentile_cont             |
| approx_percentile_cont             |
| approx_percentile_cont             |
| approx_percentile_cont             |
| approx_percentile_cont             |
| approx_percentile_cont             |
| approx_percentile_cont             |
| approx_percentile_cont             |
| approx_percentile_cont             |
| approx_percentile_cont             |
| approx_percentile_cont             |
| approx_percentile_cont             |
| approx_percentile_cont             |
| approx_percentile_cont             |
| approx_percentile_cont             |
| approx_percentile_cont             |
| approx_percentile_cont             |
| approx_percentile_cont             |
| approx_percentile_cont             |
| approx_percentile_cont             |
| approx_percentile_cont             |
| approx_percentile_cont             |
| approx_percentile_cont             |
| approx_percentile_cont             |
| approx_percentile_cont             |
| approx_percentile_cont             |
| approx_percentile_cont             |
| approx_percentile_cont             |
| approx_percentile_cont             |
| approx_percentile_cont_with_weight |
| approx_percentile_cont_with_weight |
| approx_percentile_cont_with_weight |
| approx_percentile_cont_with_weight |
| approx_percentile_cont_with_weight |
| approx_percentile_cont_with_weight |
| approx_percentile_cont_with_weight |
| approx_percentile_cont_with_weight |
| approx_percentile_cont_with_weight |
| approx_percentile_cont_with_weight |
| array_agg                          |
| array_any_value                    |
| array_append                       |
| array_cat                          |
| array_concat                       |
| array_contains                     |
| array_dims                         |
| array_distance                     |
| array_distinct                     |
| array_element                      |
| array_empty                        |
| array_except                       |
| array_extract                      |
| array_has                          |
| array_has_all                      |
| array_has_any                      |
| array_indexof                      |
| array_intersect                    |
| array_join                         |
| array_length                       |
| array_max                          |
| array_ndims                        |
| array_pop_back                     |
| array_pop_front                    |
| array_position                     |
| array_positions                    |
| array_prepend                      |
| array_push_back                    |
| array_push_front                   |
| array_remove                       |
| array_remove_all                   |
| array_remove_n                     |
| array_repeat                       |
| array_replace                      |
| array_replace_all                  |
| array_replace_n                    |
| array_resize                       |
| array_reverse                      |
| array_slice                        |
| array_sort                         |
| array_to_string                    |
| array_union                        |
| arrays_overlap                     |
| arrow_cast                         |
| arrow_typeof                       |
| ascii                              |
| ascii                              |
| ascii                              |
| asin                               |
| asin                               |
| asinh                              |
| asinh                              |
| atan                               |
| atan                               |
| atan2                              |
| atan2                              |
| atanh                              |
| atanh                              |
| avg                                |
| bit_and                            |
| bit_and                            |
| bit_and                            |
| bit_and                            |
| bit_and                            |
| bit_and                            |
| bit_and                            |
| bit_and                            |
| bit_length                         |
| bit_length                         |
| bit_length                         |
| bit_or                             |
| bit_or                             |
| bit_or                             |
| bit_or                             |
| bit_or                             |
| bit_or                             |
| bit_or                             |
| bit_or                             |
| bit_xor                            |
| bit_xor                            |
| bit_xor                            |
| bit_xor                            |
| bit_xor                            |
| bit_xor                            |
| bit_xor                            |
| bit_xor                            |
| bool_and                           |
| bool_or                            |
| btrim                              |
| btrim                              |
| btrim                              |
| btrim                              |
| btrim                              |
| btrim                              |
| btrim                              |
| btrim                              |
| btrim                              |
| btrim                              |
| btrim                              |
| btrim                              |
| cardinality                        |
| cbrt                               |
| cbrt                               |
| ceil                               |
| ceil                               |
| char_length                        |
| char_length                        |
| char_length                        |
| character_length                   |
| character_length                   |
| character_length                   |
| chr                                |
| coalesce                           |
| concat                             |
| concat                             |
| concat                             |
| concat_ws                          |
| concat_ws                          |
| concat_ws                          |
| contains                           |
| contains                           |
| contains                           |
| contains                           |
| contains                           |
| contains                           |
| contains                           |
| contains                           |
| contains                           |
| corr                               |
| corr                               |
| corr                               |
| corr                               |
| corr                               |
| corr                               |
| corr                               |
| corr                               |
| corr                               |
| corr                               |
| cos                                |
| cos                                |
| cosh                               |
| cosh                               |
| cot                                |
| cot                                |
| count                              |
| covar                              |
| covar                              |
| covar                              |
| covar                              |
| covar                              |
| covar                              |
| covar                              |
| covar                              |
| covar                              |
| covar                              |
| covar_pop                          |
| covar_pop                          |
| covar_pop                          |
| covar_pop                          |
| covar_pop                          |
| covar_pop                          |
| covar_pop                          |
| covar_pop                          |
| covar_pop                          |
| covar_pop                          |
| covar_samp                         |
| covar_samp                         |
| covar_samp                         |
| covar_samp                         |
| covar_samp                         |
| covar_samp                         |
| covar_samp                         |
| covar_samp                         |
| covar_samp                         |
| covar_samp                         |
| cume_dist                          |
| current_date                       |
| current_time                       |
| current_timestamp                  |
| date_bin                           |
| date_bin                           |
| date_bin                           |
| date_bin                           |
| date_bin                           |
| date_bin                           |
| date_bin                           |
| date_bin                           |
| date_bin                           |
| date_bin                           |
| date_bin                           |
| date_bin                           |
| date_bin                           |
| date_bin                           |
| date_bin                           |
| date_bin                           |
| date_bin                           |
| date_bin                           |
| date_bin                           |
| date_bin                           |
| date_bin                           |
| date_bin                           |
| date_bin                           |
| date_bin                           |
| date_bin                           |
| date_bin                           |
| date_bin                           |
| date_bin                           |
| date_bin                           |
| date_bin                           |
| date_bin                           |
| date_bin                           |
| date_format                        |
| date_format                        |
| date_format                        |
| date_format                        |
| date_format                        |
| date_format                        |
| date_format                        |
| date_format                        |
| date_format                        |
| date_format                        |
| date_format                        |
| date_format                        |
| date_format                        |
| date_format                        |
| date_format                        |
| date_format                        |
| date_format                        |
| date_format                        |
| date_part                          |
| date_part                          |
| date_part                          |
| date_part                          |
| date_part                          |
| date_part                          |
| date_part                          |
| date_part                          |
| date_part                          |
| date_part                          |
| date_part                          |
| date_part                          |
| date_part                          |
| date_part                          |
| date_part                          |
| date_part                          |
| date_part                          |
| date_part                          |
| date_part                          |
| date_part                          |
| date_part                          |
| date_part                          |
| date_part                          |
| date_part                          |
| date_part                          |
| date_part                          |
| date_part                          |
| date_part                          |
| date_part                          |
| date_part                          |
| date_trunc                         |
| date_trunc                         |
| date_trunc                         |
| date_trunc                         |
| date_trunc                         |
| date_trunc                         |
| date_trunc                         |
| date_trunc                         |
| date_trunc                         |
| date_trunc                         |
| date_trunc                         |
| date_trunc                         |
| date_trunc                         |
| date_trunc                         |
| date_trunc                         |
| date_trunc                         |
| datepart                           |
| datepart                           |
| datepart                           |
| datepart                           |
| datepart                           |
| datepart                           |
| datepart                           |
| datepart                           |
| datepart                           |
| datepart                           |
| datepart                           |
| datepart                           |
| datepart                           |
| datepart                           |
| datepart                           |
| datepart                           |
| datepart                           |
| datepart                           |
| datepart                           |
| datepart                           |
| datepart                           |
| datepart                           |
| datepart                           |
| datepart                           |
| datepart                           |
| datepart                           |
| datepart                           |
| datepart                           |
| datepart                           |
| datepart                           |
| datetrunc                          |
| datetrunc                          |
| datetrunc                          |
| datetrunc                          |
| datetrunc                          |
| datetrunc                          |
| datetrunc                          |
| datetrunc                          |
| datetrunc                          |
| datetrunc                          |
| datetrunc                          |
| datetrunc                          |
| datetrunc                          |
| datetrunc                          |
| datetrunc                          |
| datetrunc                          |
| decode                             |
| degrees                            |
| degrees                            |
| dense_rank                         |
| digest                             |
| digest                             |
| digest                             |
| digest                             |
| digest                             |
| digest                             |
| digest                             |
| digest                             |
| digest                             |
| digest                             |
| digest                             |
| digest                             |
| digest                             |
| digest                             |
| digest                             |
| digest                             |
| digest                             |
| digest                             |
| element_at                         |
| empty                              |
| encode                             |
| ends_with                          |
| ends_with                          |
| ends_with                          |
| ends_with                          |
| ends_with                          |
| ends_with                          |
| ends_with                          |
| ends_with                          |
| ends_with                          |
| exp                                |
| exp                                |
| factorial                          |
| find_in_set                        |
| find_in_set                        |
| find_in_set                        |
| first_value                        |
| first_value                        |
| flatten                            |
| floor                              |
| floor                              |
| from_unixtime                      |
| from_unixtime                      |
| gcd                                |
| generate_series                    |
| get_field                          |
| greatest                           |
| grouping                           |
| ifnull                             |
| ifnull                             |
| ifnull                             |
| ifnull                             |
| ifnull                             |
| ifnull                             |
| ifnull                             |
| ifnull                             |
| ifnull                             |
| ifnull                             |
| ifnull                             |
| ifnull                             |
| ifnull                             |
| ifnull                             |
| initcap                            |
| initcap                            |
| initcap                            |
| instr                              |
| instr                              |
| instr                              |
| instr                              |
| instr                              |
| instr                              |
| instr                              |
| instr                              |
| instr                              |
| isnan                              |
| isnan                              |
| iszero                             |
| iszero                             |
| lag                                |
| last_value                         |
| last_value                         |
| lcm                                |
| lead                               |
| least                              |
| left                               |
| left                               |
| left                               |
| length                             |
| length                             |
| length                             |
| levenshtein                        |
| levenshtein                        |
| levenshtein                        |
| levenshtein                        |
| levenshtein                        |
| levenshtein                        |
| levenshtein                        |
| levenshtein                        |
| levenshtein                        |
| list_any_value                     |
| list_append                        |
| list_cat                           |
| list_concat                        |
| list_contains                      |
| list_dims                          |
| list_distance                      |
| list_distinct                      |
| list_element                       |
| list_empty                         |
| list_except                        |
| list_extract                       |
| list_has                           |
| list_has_all                       |
| list_has_any                       |
| list_indexof                       |
| list_intersect                     |
| list_join                          |
| list_length                        |
| list_max                           |
| list_ndims                         |
| list_pop_back                      |
| list_pop_front                     |
| list_position                      |
| list_positions                     |
| list_prepend                       |
| list_push_back                     |
| list_push_front                    |
| list_remove                        |
| list_remove_all                    |
| list_remove_n                      |
| list_repeat                        |
| list_replace                       |
| list_replace_all                   |
| list_replace_n                     |
| list_resize                        |
| list_reverse                       |
| list_slice                         |
| list_sort                          |
| list_to_string                     |
| list_union                         |
| ln                                 |
| ln                                 |
| log                                |
| log                                |
| log                                |
| log                                |
| log10                              |
| log10                              |
| log2                               |
| log2                               |
| lower                              |
| lower                              |
| lower                              |
| lpad                               |
| lpad                               |
| lpad                               |
| lpad                               |
| lpad                               |
| lpad                               |
| lpad                               |
| lpad                               |
| lpad                               |
| lpad                               |
| lpad                               |
| lpad                               |
| ltrim                              |
| ltrim                              |
| ltrim                              |
| ltrim                              |
| ltrim                              |
| ltrim                              |
| ltrim                              |
| ltrim                              |
| ltrim                              |
| ltrim                              |
| ltrim                              |
| ltrim                              |
| make_array                         |
| make_date                          |
| make_date                          |
| make_date                          |
| make_date                          |
| make_date                          |
| make_date                          |
| make_list                          |
| map                                |
| map_extract                        |
| map_keys                           |
| map_values                         |
| max                                |
| md5                                |
| md5                                |
| md5                                |
| md5                                |
| md5                                |
| md5                                |
| md5                                |
| md5                                |
| md5                                |
| mean                               |
| median                             |
| median                             |
| median                             |
| median                             |
| median                             |
| median                             |
| median                             |
| median                             |
| median                             |
| median                             |
| min                                |
| named_struct                       |
| nanvl                              |
| nanvl                              |
| now                                |
| nth_value                          |
| nth_value                          |
| ntile                              |
| ntile                              |
| ntile                              |
| ntile                              |
| ntile                              |
| ntile                              |
| ntile                              |
| ntile                              |
| nullif                             |
| nvl                                |
| nvl                                |
| nvl                                |
| nvl                                |
| nvl                                |
| nvl                                |
| nvl                                |
| nvl                                |
| nvl                                |
| nvl                                |
| nvl                                |
| nvl                                |
| nvl                                |
| nvl                                |
| nvl2                               |
| octet_length                       |
| octet_length                       |
| octet_length                       |
| overlay                            |
| overlay                            |
| overlay                            |
| overlay                            |
| overlay                            |
| overlay                            |
| percent_rank                       |
| pi                                 |
| position                           |
| position                           |
| position                           |
| position                           |
| position                           |
| position                           |
| position                           |
| position                           |
| position                           |
| pow                                |
| pow                                |
| power                              |
| power                              |
| radians                            |
| radians                            |
| random                             |
| range                              |
| rank                               |
| regexp_count                       |
| regexp_count                       |
| regexp_count                       |
| regexp_count                       |
| regexp_count                       |
| regexp_count                       |
| regexp_count                       |
| regexp_count                       |
| regexp_count                       |
| regexp_like                        |
| regexp_like                        |
| regexp_like                        |
| regexp_like                        |
| regexp_like                        |
| regexp_like                        |
| regexp_like                        |
| regexp_like                        |
| regexp_like                        |
| regexp_like                        |
| regexp_like                        |
| regexp_like                        |
| regexp_like                        |
| regexp_like                        |
| regexp_like                        |
| regexp_like                        |
| regexp_like                        |
| regexp_like                        |
| regexp_like                        |
| regexp_like                        |
| regexp_like                        |
| regexp_like                        |
| regexp_like                        |
| regexp_like                        |
| regexp_like                        |
| regexp_like                        |
| regexp_like                        |
| regexp_like                        |
| regexp_like                        |
| regexp_like                        |
| regexp_like                        |
| regexp_like                        |
| regexp_like                        |
| regexp_like                        |
| regexp_like                        |
| regexp_like                        |
| regexp_match                       |
| regexp_match                       |
| regexp_match                       |
| regexp_match                       |
| regexp_match                       |
| regexp_match                       |
| regexp_replace                     |
| regexp_replace                     |
| regexp_replace                     |
| regexp_replace                     |
| regexp_substr                      |
| regexp_substr                      |
| regexp_substr                      |
| regexp_substr                      |
| regexp_substr                      |
| regexp_substr                      |
| regexp_substr                      |
| regexp_substr                      |
| regexp_substr                      |
| regexp_substr                      |
| regr_avgx                          |
| regr_avgx                          |
| regr_avgx                          |
| regr_avgx                          |
| regr_avgx                          |
| regr_avgx                          |
| regr_avgx                          |
| regr_avgx                          |
| regr_avgx                          |
| regr_avgx                          |
| regr_avgy                          |
| regr_avgy                          |
| regr_avgy                          |
| regr_avgy                          |
| regr_avgy                          |
| regr_avgy                          |
| regr_avgy                          |
| regr_avgy                          |
| regr_avgy                          |
| regr_avgy                          |
| regr_count                         |
| regr_count                         |
| regr_count                         |
| regr_count                         |
| regr_count                         |
| regr_count                         |
| regr_count                         |
| regr_count                         |
| regr_count                         |
| regr_count                         |
| regr_intercept                     |
| regr_intercept                     |
| regr_intercept                     |
| regr_intercept                     |
| regr_intercept                     |
| regr_intercept                     |
| regr_intercept                     |
| regr_intercept                     |
| regr_intercept                     |
| regr_intercept                     |
| regr_r2                            |
| regr_r2                            |
| regr_r2                            |
| regr_r2                            |
| regr_r2                            |
| regr_r2                            |
| regr_r2                            |
| regr_r2                            |
| regr_r2                            |
| regr_r2                            |
| regr_slope                         |
| regr_slope                         |
| regr_slope                         |
| regr_slope                         |
| regr_slope                         |
| regr_slope                         |
| regr_slope                         |
| regr_slope                         |
| regr_slope                         |
| regr_slope                         |
| regr_sxx                           |
| regr_sxx                           |
| regr_sxx                           |
| regr_sxx                           |
| regr_sxx                           |
| regr_sxx                           |
| regr_sxx                           |
| regr_sxx                           |
| regr_sxx                           |
| regr_sxx                           |
| regr_sxy                           |
| regr_sxy                           |
| regr_sxy                           |
| regr_sxy                           |
| regr_sxy                           |
| regr_sxy                           |
| regr_sxy                           |
| regr_sxy                           |
| regr_sxy                           |
| regr_sxy                           |
| regr_syy                           |
| regr_syy                           |
| regr_syy                           |
| regr_syy                           |
| regr_syy                           |
| regr_syy                           |
| regr_syy                           |
| regr_syy                           |
| regr_syy                           |
| regr_syy                           |
| repeat                             |
| repeat                             |
| repeat                             |
| replace                            |
| replace                            |
| replace                            |
| replace                            |
| replace                            |
| replace                            |
| replace                            |
| replace                            |
| replace                            |
| replace                            |
| replace                            |
| replace                            |
| replace                            |
| replace                            |
| replace                            |
| replace                            |
| replace                            |
| replace                            |
| replace                            |
| replace                            |
| replace                            |
| replace                            |
| replace                            |
| replace                            |
| replace                            |
| replace                            |
| replace                            |
| reverse                            |
| reverse                            |
| reverse                            |
| right                              |
| right                              |
| right                              |
| rlike                              |
| rlike                              |
| rlike                              |
| rlike                              |
| rlike                              |
| rlike                              |
| rlike                              |
| rlike                              |
| rlike                              |
| rlike                              |
| rlike                              |
| rlike                              |
| rlike                              |
| rlike                              |
| rlike                              |
| rlike                              |
| rlike                              |
| rlike                              |
| rlike                              |
| rlike                              |
| rlike                              |
| rlike                              |
| rlike                              |
| rlike                              |
| rlike                              |
| rlike                              |
| rlike                              |
| rlike                              |
| rlike                              |
| rlike                              |
| rlike                              |
| rlike                              |
| rlike                              |
| rlike                              |
| rlike                              |
| rlike                              |
| round                              |
| round                              |
| round                              |
| round                              |
| row                                |
| row_number                         |
| rpad                               |
| rpad                               |
| rpad                               |
| rpad                               |
| rpad                               |
| rpad                               |
| rpad                               |
| rpad                               |
| rpad                               |
| rpad                               |
| rpad                               |
| rpad                               |
| rtrim                              |
| rtrim                              |
| rtrim                              |
| rtrim                              |
| rtrim                              |
| rtrim                              |
| rtrim                              |
| rtrim                              |
| rtrim                              |
| rtrim                              |
| rtrim                              |
| rtrim                              |
| sha224                             |
| sha224                             |
| sha224                             |
| sha224                             |
| sha224                             |
| sha224                             |
| sha224                             |
| sha224                             |
| sha224                             |
| sha256                             |
| sha256                             |
| sha256                             |
| sha256                             |
| sha256                             |
| sha256                             |
| sha256                             |
| sha256                             |
| sha256                             |
| sha384                             |
| sha384                             |
| sha384                             |
| sha384                             |
| sha384                             |
| sha384                             |
| sha384                             |
| sha384                             |
| sha384                             |
| sha512                             |
| sha512                             |
| sha512                             |
| sha512                             |
| sha512                             |
| sha512                             |
| sha512                             |
| sha512                             |
| sha512                             |
| signum                             |
| signum                             |
| sin                                |
| sin                                |
| sinh                               |
| sinh                               |
| split_part                         |
| split_part                         |
| split_part                         |
| split_part                         |
| split_part                         |
| split_part                         |
| split_part                         |
| split_part                         |
| split_part                         |
| sqrt                               |
| sqrt                               |
| starts_with                        |
| starts_with                        |
| starts_with                        |
| starts_with                        |
| starts_with                        |
| starts_with                        |
| starts_with                        |
| starts_with                        |
| starts_with                        |
| stddev                             |
| stddev                             |
| stddev                             |
| stddev                             |
| stddev                             |
| stddev                             |
| stddev                             |
| stddev                             |
| stddev                             |
| stddev                             |
| stddev_pop                         |
| stddev_pop                         |
| stddev_pop                         |
| stddev_pop                         |
| stddev_pop                         |
| stddev_pop                         |
| stddev_pop                         |
| stddev_pop                         |
| stddev_pop                         |
| stddev_pop                         |
| stddev_samp                        |
| stddev_samp                        |
| stddev_samp                        |
| stddev_samp                        |
| stddev_samp                        |
| stddev_samp                        |
| stddev_samp                        |
| stddev_samp                        |
| stddev_samp                        |
| stddev_samp                        |
| string_agg                         |
| string_agg                         |
| string_agg                         |
| string_agg                         |
| string_agg                         |
| string_agg                         |
| string_to_array                    |
| string_to_array                    |
| string_to_array                    |
| string_to_array                    |
| string_to_array                    |
| string_to_array                    |
| string_to_array                    |
| string_to_array                    |
| string_to_array                    |
| string_to_array                    |
| string_to_array                    |
| string_to_array                    |
| string_to_array                    |
| string_to_array                    |
| string_to_array                    |
| string_to_array                    |
| string_to_array                    |
| string_to_array                    |
| string_to_array                    |
| string_to_array                    |
| string_to_array                    |
| string_to_array                    |
| string_to_array                    |
| string_to_array                    |
| string_to_array                    |
| string_to_array                    |
| string_to_array                    |
| string_to_array                    |
| string_to_array                    |
| string_to_array                    |
| string_to_array                    |
| string_to_array                    |
| string_to_array                    |
| string_to_array                    |
| string_to_array                    |
| string_to_array                    |
| string_to_list                     |
| string_to_list                     |
| string_to_list                     |
| string_to_list                     |
| string_to_list                     |
| string_to_list                     |
| string_to_list                     |
| string_to_list                     |
| string_to_list                     |
| string_to_list                     |
| string_to_list                     |
| string_to_list                     |
| string_to_list                     |
| string_to_list                     |
| string_to_list                     |
| string_to_list                     |
| string_to_list                     |
| string_to_list                     |
| string_to_list                     |
| string_to_list                     |
| string_to_list                     |
| string_to_list                     |
| string_to_list                     |
| string_to_list                     |
| string_to_list                     |
| string_to_list                     |
| string_to_list                     |
| string_to_list                     |
| string_to_list                     |
| string_to_list                     |
| string_to_list                     |
| string_to_list                     |
| string_to_list                     |
| string_to_list                     |
| string_to_list                     |
| string_to_list                     |
| strpos                             |
| strpos                             |
| strpos                             |
| strpos                             |
| strpos                             |
| strpos                             |
| strpos                             |
| strpos                             |
| strpos                             |
| struct                             |
| substr                             |
| substr_index                       |
| substr_index                       |
| substr_index                       |
| substring                          |
| substring_index                    |
| substring_index                    |
| substring_index                    |
| sum                                |
| tan                                |
| tan                                |
| tanh                               |
| tanh                               |
| to_char                            |
| to_char                            |
| to_char                            |
| to_char                            |
| to_char                            |
| to_char                            |
| to_char                            |
| to_char                            |
| to_char                            |
| to_char                            |
| to_char                            |
| to_char                            |
| to_char                            |
| to_char                            |
| to_char                            |
| to_char                            |
| to_char                            |
| to_char                            |
| to_date                            |
| to_hex                             |
| to_local_time                      |
| to_timestamp                       |
| to_timestamp_micros                |
| to_timestamp_millis                |
| to_timestamp_nanos                 |
| to_timestamp_seconds               |
| to_unixtime                        |
| today                              |
| translate                          |
| translate                          |
| trim                               |
| trim                               |
| trim                               |
| trim                               |
| trim                               |
| trim                               |
| trim                               |
| trim                               |
| trim                               |
| trim                               |
| trim                               |
| trim                               |
| trunc                              |
| trunc                              |
| trunc                              |
| trunc                              |
| union_extract                      |
| upper                              |
| upper                              |
| upper                              |
| uuid                               |
| var                                |
| var                                |
| var                                |
| var                                |
| var                                |
| var                                |
| var                                |
| var                                |
| var                                |
| var                                |
| var_pop                            |
| var_pop                            |
| var_pop                            |
| var_pop                            |
| var_pop                            |
| var_pop                            |
| var_pop                            |
| var_pop                            |
| var_pop                            |
| var_pop                            |
| var_population                     |
| var_population                     |
| var_population                     |
| var_population                     |
| var_population                     |
| var_population                     |
| var_population                     |
| var_population                     |
| var_population                     |
| var_population                     |
| var_samp                           |
| var_samp                           |
| var_samp                           |
| var_samp                           |
| var_samp                           |
| var_samp                           |
| var_samp                           |
| var_samp                           |
| var_samp                           |
| var_samp                           |
| var_sample                         |
| var_sample                         |
| var_sample                         |
| var_sample                         |
| var_sample                         |
| var_sample                         |
| var_sample                         |
| var_sample                         |
| var_sample                         |
| var_sample                         |
| version                            |
+------------------------------------+
