---
source: crates/df-catalog/src/tests/information_schema.rs
description: SELECT * FROM embucket.information_schema.columns
snapshot_kind: text
---
+---------------+--------------------+-------------+-------------------------------+-------------+------------------+----------------+-------------+-----------+--------------------------+------------------------+-------------------+-------------------------+---------------+--------------------+---------------+
| table_catalog | table_schema       | table_name  | column_name                   | column_type | ordinal_position | column_default | is_nullable | data_type | character_maximum_length | character_octet_length | numeric_precision | numeric_precision_radix | numeric_scale | datetime_precision | interval_type |
+---------------+--------------------+-------------+-------------------------------+-------------+------------------+----------------+-------------+-----------+--------------------------+------------------------+-------------------+-------------------------+---------------+--------------------+---------------+
| embucket      | information_schema | columns     | character_maximum_length      | VIEW_COLUMN | 9                |                | YES         | UInt64    |                          |                        |                   |                         |               |                    |               |
| embucket      | information_schema | columns     | character_octet_length        | VIEW_COLUMN | 10               |                | YES         | UInt64    |                          |                        |                   |                         |               |                    |               |
| embucket      | information_schema | columns     | column_default                | VIEW_COLUMN | 6                |                | YES         | Utf8      |                          | 2147483647             |                   |                         |               |                    |               |
| embucket      | information_schema | columns     | column_name                   | VIEW_COLUMN | 3                |                | NO          | Utf8      |                          | 2147483647             |                   |                         |               |                    |               |
| embucket      | information_schema | columns     | column_type                   | VIEW_COLUMN | 4                |                | NO          | Utf8      |                          | 2147483647             |                   |                         |               |                    |               |
| embucket      | information_schema | columns     | data_type                     | VIEW_COLUMN | 8                |                | NO          | Utf8      |                          | 2147483647             |                   |                         |               |                    |               |
| embucket      | information_schema | columns     | datetime_precision            | VIEW_COLUMN | 14               |                | YES         | UInt64    |                          |                        |                   |                         |               |                    |               |
| embucket      | information_schema | columns     | interval_type                 | VIEW_COLUMN | 15               |                | YES         | Utf8      |                          | 2147483647             |                   |                         |               |                    |               |
| embucket      | information_schema | columns     | is_nullable                   | VIEW_COLUMN | 7                |                | NO          | Utf8      |                          | 2147483647             |                   |                         |               |                    |               |
| embucket      | information_schema | columns     | numeric_precision             | VIEW_COLUMN | 11               |                | YES         | UInt64    |                          |                        |                   |                         |               |                    |               |
| embucket      | information_schema | columns     | numeric_precision_radix       | VIEW_COLUMN | 12               |                | YES         | UInt64    |                          |                        |                   |                         |               |                    |               |
| embucket      | information_schema | columns     | numeric_scale                 | VIEW_COLUMN | 13               |                | YES         | UInt64    |                          |                        |                   |                         |               |                    |               |
| embucket      | information_schema | columns     | ordinal_position              | VIEW_COLUMN | 5                |                | NO          | UInt64    |                          |                        |                   |                         |               |                    |               |
| embucket      | information_schema | columns     | table_catalog                 | VIEW_COLUMN | 0                |                | NO          | Utf8      |                          | 2147483647             |                   |                         |               |                    |               |
| embucket      | information_schema | columns     | table_name                    | VIEW_COLUMN | 2                |                | NO          | Utf8      |                          | 2147483647             |                   |                         |               |                    |               |
| embucket      | information_schema | columns     | table_schema                  | VIEW_COLUMN | 1                |                | NO          | Utf8      |                          | 2147483647             |                   |                         |               |                    |               |
| embucket      | information_schema | databases   | database_name                 | VIEW_COLUMN | 0                |                | NO          | Utf8      |                          | 2147483647             |                   |                         |               |                    |               |
| embucket      | information_schema | databases   | database_owner                | VIEW_COLUMN | 1                |                | NO          | Utf8      |                          | 2147483647             |                   |                         |               |                    |               |
| embucket      | information_schema | databases   | database_type                 | VIEW_COLUMN | 2                |                | NO          | Utf8      |                          | 2147483647             |                   |                         |               |                    |               |
| embucket      | information_schema | df_settings | description                   | VIEW_COLUMN | 2                |                | YES         | Utf8      |                          | 2147483647             |                   |                         |               |                    |               |
| embucket      | information_schema | df_settings | name                          | VIEW_COLUMN | 0                |                | NO          | Utf8      |                          | 2147483647             |                   |                         |               |                    |               |
| embucket      | information_schema | df_settings | value                         | VIEW_COLUMN | 1                |                | YES         | Utf8      |                          | 2147483647             |                   |                         |               |                    |               |
| embucket      | information_schema | parameters  | data_type                     | VIEW_COLUMN | 6                |                | NO          | Utf8      |                          | 2147483647             |                   |                         |               |                    |               |
| embucket      | information_schema | parameters  | is_variadic                   | VIEW_COLUMN | 8                |                | NO          | Boolean   |                          |                        |                   |                         |               |                    |               |
| embucket      | information_schema | parameters  | ordinal_position              | VIEW_COLUMN | 3                |                | NO          | UInt64    |                          |                        |                   |                         |               |                    |               |
| embucket      | information_schema | parameters  | parameter_default             | VIEW_COLUMN | 7                |                | YES         | Utf8      |                          | 2147483647             |                   |                         |               |                    |               |
| embucket      | information_schema | parameters  | parameter_mode                | VIEW_COLUMN | 4                |                | NO          | Utf8      |                          | 2147483647             |                   |                         |               |                    |               |
| embucket      | information_schema | parameters  | parameter_name                | VIEW_COLUMN | 5                |                | YES         | Utf8      |                          | 2147483647             |                   |                         |               |                    |               |
| embucket      | information_schema | parameters  | rid                           | VIEW_COLUMN | 9                |                | NO          | UInt8     |                          |                        | 8                 | 2                       |               |                    |               |
| embucket      | information_schema | parameters  | specific_catalog              | VIEW_COLUMN | 0                |                | NO          | Utf8      |                          | 2147483647             |                   |                         |               |                    |               |
| embucket      | information_schema | parameters  | specific_name                 | VIEW_COLUMN | 2                |                | NO          | Utf8      |                          | 2147483647             |                   |                         |               |                    |               |
| embucket      | information_schema | parameters  | specific_schema               | VIEW_COLUMN | 1                |                | NO          | Utf8      |                          | 2147483647             |                   |                         |               |                    |               |
| embucket      | information_schema | routines    | data_type                     | VIEW_COLUMN | 8                |                | YES         | Utf8      |                          | 2147483647             |                   |                         |               |                    |               |
| embucket      | information_schema | routines    | description                   | VIEW_COLUMN | 10               |                | YES         | Utf8      |                          | 2147483647             |                   |                         |               |                    |               |
| embucket      | information_schema | routines    | function_type                 | VIEW_COLUMN | 9                |                | YES         | Utf8      |                          | 2147483647             |                   |                         |               |                    |               |
| embucket      | information_schema | routines    | is_deterministic              | VIEW_COLUMN | 7                |                | YES         | Boolean   |                          |                        |                   |                         |               |                    |               |
| embucket      | information_schema | routines    | routine_catalog               | VIEW_COLUMN | 3                |                | NO          | Utf8      |                          | 2147483647             |                   |                         |               |                    |               |
| embucket      | information_schema | routines    | routine_name                  | VIEW_COLUMN | 5                |                | NO          | Utf8      |                          | 2147483647             |                   |                         |               |                    |               |
| embucket      | information_schema | routines    | routine_schema                | VIEW_COLUMN | 4                |                | NO          | Utf8      |                          | 2147483647             |                   |                         |               |                    |               |
| embucket      | information_schema | routines    | routine_type                  | VIEW_COLUMN | 6                |                | NO          | Utf8      |                          | 2147483647             |                   |                         |               |                    |               |
| embucket      | information_schema | routines    | specific_catalog              | VIEW_COLUMN | 0                |                | NO          | Utf8      |                          | 2147483647             |                   |                         |               |                    |               |
| embucket      | information_schema | routines    | specific_name                 | VIEW_COLUMN | 2                |                | NO          | Utf8      |                          | 2147483647             |                   |                         |               |                    |               |
| embucket      | information_schema | routines    | specific_schema               | VIEW_COLUMN | 1                |                | NO          | Utf8      |                          | 2147483647             |                   |                         |               |                    |               |
| embucket      | information_schema | routines    | syntax_example                | VIEW_COLUMN | 11               |                | YES         | Utf8      |                          | 2147483647             |                   |                         |               |                    |               |
| embucket      | information_schema | schemata    | catalog_name                  | VIEW_COLUMN | 0                |                | NO          | Utf8      |                          | 2147483647             |                   |                         |               |                    |               |
| embucket      | information_schema | schemata    | default_character_set_catalog | VIEW_COLUMN | 3                |                | YES         | Utf8      |                          | 2147483647             |                   |                         |               |                    |               |
| embucket      | information_schema | schemata    | default_character_set_name    | VIEW_COLUMN | 5                |                | YES         | Utf8      |                          | 2147483647             |                   |                         |               |                    |               |
| embucket      | information_schema | schemata    | default_character_set_schema  | VIEW_COLUMN | 4                |                | YES         | Utf8      |                          | 2147483647             |                   |                         |               |                    |               |
| embucket      | information_schema | schemata    | schema_name                   | VIEW_COLUMN | 1                |                | NO          | Utf8      |                          | 2147483647             |                   |                         |               |                    |               |
| embucket      | information_schema | schemata    | schema_owner                  | VIEW_COLUMN | 2                |                | YES         | Utf8      |                          | 2147483647             |                   |                         |               |                    |               |
| embucket      | information_schema | schemata    | sql_path                      | VIEW_COLUMN | 6                |                | YES         | Utf8      |                          | 2147483647             |                   |                         |               |                    |               |
| embucket      | information_schema | tables      | table_catalog                 | VIEW_COLUMN | 0                |                | NO          | Utf8      |                          | 2147483647             |                   |                         |               |                    |               |
| embucket      | information_schema | tables      | table_name                    | VIEW_COLUMN | 2                |                | NO          | Utf8      |                          | 2147483647             |                   |                         |               |                    |               |
| embucket      | information_schema | tables      | table_schema                  | VIEW_COLUMN | 1                |                | NO          | Utf8      |                          | 2147483647             |                   |                         |               |                    |               |
| embucket      | information_schema | tables      | table_type                    | VIEW_COLUMN | 3                |                | NO          | Utf8      |                          | 2147483647             |                   |                         |               |                    |               |
| embucket      | information_schema | views       | definition                    | VIEW_COLUMN | 4                |                | YES         | Utf8      |                          | 2147483647             |                   |                         |               |                    |               |
| embucket      | information_schema | views       | view_catalog                  | VIEW_COLUMN | 0                |                | NO          | Utf8      |                          | 2147483647             |                   |                         |               |                    |               |
| embucket      | information_schema | views       | view_name                     | VIEW_COLUMN | 2                |                | NO          | Utf8      |                          | 2147483647             |                   |                         |               |                    |               |
| embucket      | information_schema | views       | view_schema                   | VIEW_COLUMN | 1                |                | NO          | Utf8      |                          | 2147483647             |                   |                         |               |                    |               |
| embucket      | information_schema | views       | view_type                     | VIEW_COLUMN | 3                |                | NO          | Utf8      |                          | 2147483647             |                   |                         |               |                    |               |
| embucket      | public             | first       | id                            | COLUMN      | 0                |                | YES         | Int32     |                          |                        | 32                | 2                       |               |                    |               |
| embucket      | public             | second      | id                            | COLUMN      | 0                |                | YES         | Int32     |                          |                        | 32                | 2                       |               |                    |               |
+---------------+--------------------+-------------+-------------------------------+-------------+------------------+----------------+-------------+-----------+--------------------------+------------------------+-------------------+-------------------------+---------------+--------------------+---------------+
