---
source: crates/df-catalog/src/tests/information_schema.rs
description: SELECT * FROM embucket.information_schema.views
snapshot_kind: text
---
+---------------+--------------+------------+------------+
| table_catalog | table_schema | table_name | definition |
+---------------+--------------+------------+------------+
| embucket      | public       | test       |            |
+---------------+--------------+------------+------------+
