---
source: crates/embucket-functions/src/tests/datetime/monthname.rs
assertion_line: 3
description: "\"SELECT monthname('2025-06-08T23:39:20.123-07:00'::date) AS value;\""
---
Ok(
    [
        "+-------+",
        "| value |",
        "+-------+",
        "| Jun   |",
        "+-------+",
    ],
)
