---
source: crates/core-executor/src/tests/sql/pivot.rs
description: "\"SELECT *\nFROM quarterly_sales\nPIVOT(SUM(amount) \n  FOR quarter IN ('2023_Q1', '2023_Q2')\n  DEFAULT ON NULL (1001))\nORDER BY empid;\""
---
Ok(
    [
        "+-------+---------+---------+",
        "| empid | 2023_Q1 | 2023_Q2 |",
        "+-------+---------+---------+",
        "| 1     | 10400   | 8000    |",
        "| 2     | 39500   | 90700   |",
        "| 3     | 1001    | 1001    |",
        "+-------+---------+---------+",
    ],
)
