---
source: crates/embucket-functions/src/tests/semi-structured/json/try_parse_json.rs
description: "\"SELECT try_parse_json('{\\\"key\\\": \\\"value\\\"}') AS parsed_json\""
---
Ok(
    [
        "+-----------------+",
        "| parsed_json     |",
        "+-----------------+",
        "| {\"key\":\"value\"} |",
        "+-----------------+",
    ],
)
