---
source: crates/embucket-functions/src/tests/string_binary/jarowinkler_similarity.rs
description: "\"SELECT jarowinkler_similarity(a, b) FROM (\\\n        VALUES ('Dwayne', 'Duane'),\\\n               ('martha', 'marhta'),\\\n               ('hello', 'yellow'),\\\n               ('foo', NULL),\\\n               (NULL, 'bar')\\\n    ) AS t(a, b)\""
---
Ok(
    [
        "+---------------------------------+",
        "| jarowinkler_similarity(t.a,t.b) |",
        "+---------------------------------+",
        "| 84                              |",
        "| 96                              |",
        "| 82                              |",
        "|                                 |",
        "|                                 |",
        "+---------------------------------+",
    ],
)
